// Jest Snapshot v1, https://goo.gl/fbAQLP

exports[`blipp / prints routes 1`] = `
"[32mPOST[39m	/hello
[32mGET[39m	/hello/[90m:username[39m
[32mGET[39m	/hello/[90m:username[39m/CAPS
[32mGET[39m	/hello/complex-route
[32mHEAD[39m	/hello/complex-route
[32mGET[39m	/prefix
[32mGET[39m	/prefix/
"
`;

exports[`blipp / prints routes with custom log function 1`] = `
"[32mPOST[39m	/hello
[32mGET[39m	/hello/[90m:username[39m
[32mGET[39m	/hello/[90m:username[39m/CAPS
[32mGET[39m	/hello/complex-route
[32mHEAD[39m	/hello/complex-route
[32mGET[39m	/prefix
[32mGET[39m	/prefix/
"
`;
